CRITICAL - 2025-04-14 07:38:24 --> CodeIgniter\Exceptions\BadMethodCallException: Call to undefined method App\Models\UserModel::row
[Method: POST, Route: auth/login_action]
in SYSTEMPATH\Model.php on line 930.
 1 APPPATH\Models\UserModel.php(14): CodeIgniter\Model->__call('row', [])
 2 APPPATH\Controllers\Auth.php(27): App\Models\UserModel->getUserByUsername('indra')
 3 SYSTEMPATH\CodeIgniter.php(933): App\Controllers\Auth->login_action()
 4 SYSTEMPATH\CodeIgniter.php(507): CodeIgniter\CodeIgniter->runController(Object(App\Controllers\Auth))
 5 SYSTEMPATH\CodeIgniter.php(354): CodeIgniter\CodeIgniter->handleRequest(null, Object(Config\Cache), false)
 6 SYSTEMPATH\Boot.php(334): CodeIgniter\CodeIgniter->run()
 7 SYSTEMPATH\Boot.php(67): CodeIgniter\Boot::runCodeIgniter(Object(CodeIgniter\CodeIgniter))
 8 FCPATH\index.php(56): CodeIgniter\Boot::bootWeb(Object(Config\Paths))
CRITICAL - 2025-04-14 07:38:59 --> CodeIgniter\Exceptions\BadMethodCallException: Call to undefined method App\Models\UserModel::row
[Method: POST, Route: auth/login_action]
in SYSTEMPATH\Model.php on line 930.
 1 APPPATH\Models\UserModel.php(14): CodeIgniter\Model->__call('row', [])
 2 APPPATH\Controllers\Auth.php(27): App\Models\UserModel->getUserByUsername('indra')
 3 SYSTEMPATH\CodeIgniter.php(933): App\Controllers\Auth->login_action()
 4 SYSTEMPATH\CodeIgniter.php(507): CodeIgniter\CodeIgniter->runController(Object(App\Controllers\Auth))
 5 SYSTEMPATH\CodeIgniter.php(354): CodeIgniter\CodeIgniter->handleRequest(null, Object(Config\Cache), false)
 6 SYSTEMPATH\Boot.php(334): CodeIgniter\CodeIgniter->run()
 7 SYSTEMPATH\Boot.php(67): CodeIgniter\Boot::runCodeIgniter(Object(CodeIgniter\CodeIgniter))
 8 FCPATH\index.php(56): CodeIgniter\Boot::bootWeb(Object(Config\Paths))
CRITICAL - 2025-04-14 07:39:05 --> CodeIgniter\Exceptions\BadMethodCallException: Call to undefined method App\Models\UserModel::row
[Method: POST, Route: auth/login_action]
in SYSTEMPATH\Model.php on line 930.
 1 APPPATH\Models\UserModel.php(14): CodeIgniter\Model->__call('row', [])
 2 APPPATH\Controllers\Auth.php(27): App\Models\UserModel->getUserByUsername('indra')
 3 SYSTEMPATH\CodeIgniter.php(933): App\Controllers\Auth->login_action()
 4 SYSTEMPATH\CodeIgniter.php(507): CodeIgniter\CodeIgniter->runController(Object(App\Controllers\Auth))
 5 SYSTEMPATH\CodeIgniter.php(354): CodeIgniter\CodeIgniter->handleRequest(null, Object(Config\Cache), false)
 6 SYSTEMPATH\Boot.php(334): CodeIgniter\CodeIgniter->run()
 7 SYSTEMPATH\Boot.php(67): CodeIgniter\Boot::runCodeIgniter(Object(CodeIgniter\CodeIgniter))
 8 FCPATH\index.php(56): CodeIgniter\Boot::bootWeb(Object(Config\Paths))
